Parsed test spec with 2 sessions

starting permutation: s1_begin s1_insert1 s1_own_attrs s1_own_row s2_uncommitted s1_commit s2_after_commit
step s1_begin: BEGIN;
step s1_insert1: 
    INSERT INTO pax_mvcc
    VALUES (1, 1, 11, 1100, 1.1, 1.25, 1.50,
            'uncommitted', 'u1', 'u', 'ut4',
            true, DATE '2024-02-02', TIMESTAMP '2024-02-02 02:02:02',
            '1 min'::interval,
            '00000000-0000-0000-0000-000000000001'::uuid,
            '\x01'::bytea, '1', 7, 'nt1');

step s1_own_attrs: 
    SELECT id,
           xmin = pg_current_xact_id()::text::xid AS own_xmin,
           xmax = '0'::xid AS no_xmax,
           cmin IS NOT NULL AS has_cmin,
           cmax IS NOT NULL AS has_cmax,
           cmin = cmax AS shared_command
    FROM pax_mvcc WHERE id = 1;

id|own_xmin|no_xmax|has_cmin|has_cmax|shared_command
--+--------+-------+--------+--------+--------------
 1|t       |t      |t       |t       |t             
(1 row)

step s1_own_row: 
    SELECT row_text FROM pax_mvcc_rows WHERE id = 1;

row_text                                                             
---------------------------------------------------------------------
uncommitted/u1/11/1.25/ut4/nt1/00000000-0000-0000-0000-000000000001/1
(1 row)

step s2_uncommitted: 
    SELECT array_agg(id ORDER BY id) AS ids,
           array_agg(row_text ORDER BY id) AS rows
    FROM pax_mvcc_rows;

ids|rows                                                    
---+--------------------------------------------------------
{0}|{row0/r0/0/0/-/-/00000000-0000-0000-0000-000000000000/0}
(1 row)

step s1_commit: COMMIT;
step s2_after_commit: 
    SELECT array_agg(id ORDER BY id) AS ids,
           array_agg(row_text ORDER BY id) AS rows
    FROM pax_mvcc_rows;

ids  |rows                                                                                                                          
-----+------------------------------------------------------------------------------------------------------------------------------
{0,1}|{row0/r0/0/0/-/-/00000000-0000-0000-0000-000000000000/0,uncommitted/u1/11/1.25/ut4/nt1/00000000-0000-0000-0000-000000000001/1}
(1 row)


starting permutation: s1_begin s1_insert1 s1_savepoint s1_insert2 s1_see_subxact s1_rollback_subxact s1_after_subxact_abort s2_uncommitted s1_abort s2_after_abort
step s1_begin: BEGIN;
step s1_insert1: 
    INSERT INTO pax_mvcc
    VALUES (1, 1, 11, 1100, 1.1, 1.25, 1.50,
            'uncommitted', 'u1', 'u', 'ut4',
            true, DATE '2024-02-02', TIMESTAMP '2024-02-02 02:02:02',
            '1 min'::interval,
            '00000000-0000-0000-0000-000000000001'::uuid,
            '\x01'::bytea, '1', 7, 'nt1');

step s1_savepoint: SAVEPOINT pax_sp;
step s1_insert2: 
    INSERT INTO pax_mvcc
    VALUES (2, 2, 12, 1200, 2.2, 2.50, 2.50,
            'subxact', 's2', 's', NULL,
            false, DATE '2024-03-03', TIMESTAMP '2024-03-03 03:03:03',
            '2 min'::interval,
            '00000000-0000-0000-0000-000000000002'::uuid,
            '\x02'::bytea, '2', 8, NULL);

step s1_see_subxact: 
    SELECT array_agg(id ORDER BY id) AS ids,
           array_agg(row_text ORDER BY id) AS rows
    FROM pax_mvcc_rows;

ids    |rows                                                                                                                                                                                       
-------+-------------------------------------------------------------------------------------------------------------------------------------------------------------------------------------------
{0,1,2}|{row0/r0/0/0/-/-/00000000-0000-0000-0000-000000000000/0,uncommitted/u1/11/1.25/ut4/nt1/00000000-0000-0000-0000-000000000001/1,subxact/s2/12/2.5/-/-/00000000-0000-0000-0000-000000000002/2}
(1 row)

step s1_rollback_subxact: ROLLBACK TO pax_sp;
step s1_after_subxact_abort: 
    SELECT array_agg(id ORDER BY id) AS ids,
           array_agg(row_text ORDER BY id) AS rows
    FROM pax_mvcc_rows;

ids  |rows                                                                                                                          
-----+------------------------------------------------------------------------------------------------------------------------------
{0,1}|{row0/r0/0/0/-/-/00000000-0000-0000-0000-000000000000/0,uncommitted/u1/11/1.25/ut4/nt1/00000000-0000-0000-0000-000000000001/1}
(1 row)

step s2_uncommitted: 
    SELECT array_agg(id ORDER BY id) AS ids,
           array_agg(row_text ORDER BY id) AS rows
    FROM pax_mvcc_rows;

ids|rows                                                    
---+--------------------------------------------------------
{0}|{row0/r0/0/0/-/-/00000000-0000-0000-0000-000000000000/0}
(1 row)

step s1_abort: ROLLBACK;
step s2_after_abort: 
    SELECT array_agg(id ORDER BY id) AS ids,
           array_agg(row_text ORDER BY id) AS rows
    FROM pax_mvcc_rows;

ids|rows                                                    
---+--------------------------------------------------------
{0}|{row0/r0/0/0/-/-/00000000-0000-0000-0000-000000000000/0}
(1 row)


starting permutation: s1_begin s1_insert1 s2_snapshot_begin s2_snapshot_before s1_commit s2_snapshot_still s2_snapshot_commit s2_after_commit
step s1_begin: BEGIN;
step s1_insert1: 
    INSERT INTO pax_mvcc
    VALUES (1, 1, 11, 1100, 1.1, 1.25, 1.50,
            'uncommitted', 'u1', 'u', 'ut4',
            true, DATE '2024-02-02', TIMESTAMP '2024-02-02 02:02:02',
            '1 min'::interval,
            '00000000-0000-0000-0000-000000000001'::uuid,
            '\x01'::bytea, '1', 7, 'nt1');

step s2_snapshot_begin: 
    BEGIN ISOLATION LEVEL REPEATABLE READ;

step s2_snapshot_before: 
    SELECT array_agg(id ORDER BY id) AS ids,
           array_agg(row_text ORDER BY id) AS rows
    FROM pax_mvcc_rows;

ids|rows                                                    
---+--------------------------------------------------------
{0}|{row0/r0/0/0/-/-/00000000-0000-0000-0000-000000000000/0}
(1 row)

step s1_commit: COMMIT;
step s2_snapshot_still: 
    SELECT array_agg(id ORDER BY id) AS ids,
           array_agg(row_text ORDER BY id) AS rows
    FROM pax_mvcc_rows;

ids|rows                                                    
---+--------------------------------------------------------
{0}|{row0/r0/0/0/-/-/00000000-0000-0000-0000-000000000000/0}
(1 row)

step s2_snapshot_commit: COMMIT;
step s2_after_commit: 
    SELECT array_agg(id ORDER BY id) AS ids,
           array_agg(row_text ORDER BY id) AS rows
    FROM pax_mvcc_rows;

ids  |rows                                                                                                                          
-----+------------------------------------------------------------------------------------------------------------------------------
{0,1}|{row0/r0/0/0/-/-/00000000-0000-0000-0000-000000000000/0,uncommitted/u1/11/1.25/ut4/nt1/00000000-0000-0000-0000-000000000001/1}
(1 row)


starting permutation: s1_begin s1_update s2_see_values s1_commit s2_see_values
step s1_begin: BEGIN;
step s1_update: UPDATE pax_mvcc SET id = 10 WHERE id = 0;
step s2_see_values: 
    SELECT array_agg(id ORDER BY id) AS ids,
           array_agg(row_text ORDER BY id) AS rows
    FROM pax_mvcc_rows;

ids|rows                                                    
---+--------------------------------------------------------
{0}|{row0/r0/0/0/-/-/00000000-0000-0000-0000-000000000000/0}
(1 row)

step s1_commit: COMMIT;
step s2_see_values: 
    SELECT array_agg(id ORDER BY id) AS ids,
           array_agg(row_text ORDER BY id) AS rows
    FROM pax_mvcc_rows;

ids |rows                                                    
----+--------------------------------------------------------
{10}|{row0/r0/0/0/-/-/00000000-0000-0000-0000-000000000000/0}
(1 row)


starting permutation: s1_begin s1_update s2_conflict_begin s2_conflict_update s1_commit s2_conflict_see s2_conflict_commit
step s1_begin: BEGIN;
step s1_update: UPDATE pax_mvcc SET id = 10 WHERE id = 0;
step s2_conflict_begin: 
    BEGIN ISOLATION LEVEL READ COMMITTED;

step s2_conflict_update: 
    UPDATE pax_mvcc SET id = id + 10 WHERE id >= 0;
 <waiting ...>
step s1_commit: COMMIT;
step s2_conflict_update: <... completed>
step s2_conflict_see: 
    SELECT array_agg(id ORDER BY id) AS ids,
           array_agg(row_text ORDER BY id) AS rows
    FROM pax_mvcc_rows;

ids |rows                                                    
----+--------------------------------------------------------
{20}|{row0/r0/0/0/-/-/00000000-0000-0000-0000-000000000000/0}
(1 row)

step s2_conflict_commit: COMMIT;

starting permutation: s1_begin s1_update s2_conflict_begin s2_conflict_update s1_abort s2_conflict_see s2_conflict_commit
step s1_begin: BEGIN;
step s1_update: UPDATE pax_mvcc SET id = 10 WHERE id = 0;
step s2_conflict_begin: 
    BEGIN ISOLATION LEVEL READ COMMITTED;

step s2_conflict_update: 
    UPDATE pax_mvcc SET id = id + 10 WHERE id >= 0;
 <waiting ...>
step s1_abort: ROLLBACK;
step s2_conflict_update: <... completed>
step s2_conflict_see: 
    SELECT array_agg(id ORDER BY id) AS ids,
           array_agg(row_text ORDER BY id) AS rows
    FROM pax_mvcc_rows;

ids |rows                                                    
----+--------------------------------------------------------
{10}|{row0/r0/0/0/-/-/00000000-0000-0000-0000-000000000000/0}
(1 row)

step s2_conflict_commit: COMMIT;

starting permutation: s1_begin s1_update s2_delete_conflict_begin s2_delete_conflict s1_commit s2_delete_conflict_see s2_delete_conflict_commit
step s1_begin: BEGIN;
step s1_update: UPDATE pax_mvcc SET id = 10 WHERE id = 0;
step s2_delete_conflict_begin: 
    BEGIN ISOLATION LEVEL READ COMMITTED;

step s2_delete_conflict: 
    DELETE FROM pax_mvcc WHERE id >= 0;
 <waiting ...>
step s1_commit: COMMIT;
step s2_delete_conflict: <... completed>
step s2_delete_conflict_see: 
    SELECT array_agg(id ORDER BY id) AS ids,
           array_agg(row_text ORDER BY id) AS rows
    FROM pax_mvcc_rows;

ids|rows
---+----
   |    
(1 row)

step s2_delete_conflict_commit: COMMIT;

starting permutation: s1_begin s1_update s2_see_values s1_abort s2_see_values
step s1_begin: BEGIN;
step s1_update: UPDATE pax_mvcc SET id = 10 WHERE id = 0;
step s2_see_values: 
    SELECT array_agg(id ORDER BY id) AS ids,
           array_agg(row_text ORDER BY id) AS rows
    FROM pax_mvcc_rows;

ids|rows                                                    
---+--------------------------------------------------------
{0}|{row0/r0/0/0/-/-/00000000-0000-0000-0000-000000000000/0}
(1 row)

step s1_abort: ROLLBACK;
step s2_see_values: 
    SELECT array_agg(id ORDER BY id) AS ids,
           array_agg(row_text ORDER BY id) AS rows
    FROM pax_mvcc_rows;

ids|rows                                                    
---+--------------------------------------------------------
{0}|{row0/r0/0/0/-/-/00000000-0000-0000-0000-000000000000/0}
(1 row)


starting permutation: s1_begin s1_update s1_update_savepoint s1_second_update s1_see_second_update s1_rollback_update_savepoint s1_see_first_update s2_see_values s1_commit s2_see_values
step s1_begin: BEGIN;
step s1_update: UPDATE pax_mvcc SET id = 10 WHERE id = 0;
step s1_update_savepoint: SAVEPOINT pax_update_sp;
step s1_second_update: UPDATE pax_mvcc SET id = 20 WHERE id = 10;
step s1_see_second_update: 
    SELECT array_agg(id ORDER BY id) AS ids,
           array_agg(row_text ORDER BY id) AS rows
    FROM pax_mvcc_rows;

ids |rows                                                    
----+--------------------------------------------------------
{20}|{row0/r0/0/0/-/-/00000000-0000-0000-0000-000000000000/0}
(1 row)

step s1_rollback_update_savepoint: 
    ROLLBACK TO pax_update_sp;

step s1_see_first_update: 
    SELECT array_agg(id ORDER BY id) AS ids,
           array_agg(row_text ORDER BY id) AS rows
    FROM pax_mvcc_rows;

ids |rows                                                    
----+--------------------------------------------------------
{10}|{row0/r0/0/0/-/-/00000000-0000-0000-0000-000000000000/0}
(1 row)

step s2_see_values: 
    SELECT array_agg(id ORDER BY id) AS ids,
           array_agg(row_text ORDER BY id) AS rows
    FROM pax_mvcc_rows;

ids|rows                                                    
---+--------------------------------------------------------
{0}|{row0/r0/0/0/-/-/00000000-0000-0000-0000-000000000000/0}
(1 row)

step s1_commit: COMMIT;
step s2_see_values: 
    SELECT array_agg(id ORDER BY id) AS ids,
           array_agg(row_text ORDER BY id) AS rows
    FROM pax_mvcc_rows;

ids |rows                                                    
----+--------------------------------------------------------
{10}|{row0/r0/0/0/-/-/00000000-0000-0000-0000-000000000000/0}
(1 row)


starting permutation: s1_begin s1_update s1_delete s1_see_delete s2_see_values s1_commit s2_see_values
step s1_begin: BEGIN;
step s1_update: UPDATE pax_mvcc SET id = 10 WHERE id = 0;
step s1_delete: DELETE FROM pax_mvcc WHERE id = 10;
step s1_see_delete: 
    SELECT array_agg(id ORDER BY id) AS ids,
           array_agg(row_text ORDER BY id) AS rows
    FROM pax_mvcc_rows;

ids|rows
---+----
   |    
(1 row)

step s2_see_values: 
    SELECT array_agg(id ORDER BY id) AS ids,
           array_agg(row_text ORDER BY id) AS rows
    FROM pax_mvcc_rows;

ids|rows                                                    
---+--------------------------------------------------------
{0}|{row0/r0/0/0/-/-/00000000-0000-0000-0000-000000000000/0}
(1 row)

step s1_commit: COMMIT;
step s2_see_values: 
    SELECT array_agg(id ORDER BY id) AS ids,
           array_agg(row_text ORDER BY id) AS rows
    FROM pax_mvcc_rows;

ids|rows
---+----
   |    
(1 row)


starting permutation: s1_begin s1_delete s2_see_values s1_abort s2_see_values
step s1_begin: BEGIN;
step s1_delete: DELETE FROM pax_mvcc WHERE id = 10;
step s2_see_values: 
    SELECT array_agg(id ORDER BY id) AS ids,
           array_agg(row_text ORDER BY id) AS rows
    FROM pax_mvcc_rows;

ids|rows                                                    
---+--------------------------------------------------------
{0}|{row0/r0/0/0/-/-/00000000-0000-0000-0000-000000000000/0}
(1 row)

step s1_abort: ROLLBACK;
step s2_see_values: 
    SELECT array_agg(id ORDER BY id) AS ids,
           array_agg(row_text ORDER BY id) AS rows
    FROM pax_mvcc_rows;

ids|rows                                                    
---+--------------------------------------------------------
{0}|{row0/r0/0/0/-/-/00000000-0000-0000-0000-000000000000/0}
(1 row)


starting permutation: s2_dml_snapshot_begin s2_dml_snapshot_before s1_begin s1_update s1_commit s2_dml_snapshot_still s2_dml_snapshot_commit s2_see_values
step s2_dml_snapshot_begin: 
    BEGIN ISOLATION LEVEL REPEATABLE READ;

step s2_dml_snapshot_before: 
    SELECT array_agg(id ORDER BY id) AS ids,
           array_agg(row_text ORDER BY id) AS rows
    FROM pax_mvcc_rows;

ids|rows                                                    
---+--------------------------------------------------------
{0}|{row0/r0/0/0/-/-/00000000-0000-0000-0000-000000000000/0}
(1 row)

step s1_begin: BEGIN;
step s1_update: UPDATE pax_mvcc SET id = 10 WHERE id = 0;
step s1_commit: COMMIT;
step s2_dml_snapshot_still: 
    SELECT array_agg(id ORDER BY id) AS ids,
           array_agg(row_text ORDER BY id) AS rows
    FROM pax_mvcc_rows;

ids|rows                                                    
---+--------------------------------------------------------
{0}|{row0/r0/0/0/-/-/00000000-0000-0000-0000-000000000000/0}
(1 row)

step s2_dml_snapshot_commit: COMMIT;
step s2_see_values: 
    SELECT array_agg(id ORDER BY id) AS ids,
           array_agg(row_text ORDER BY id) AS rows
    FROM pax_mvcc_rows;

ids |rows                                                    
----+--------------------------------------------------------
{10}|{row0/r0/0/0/-/-/00000000-0000-0000-0000-000000000000/0}
(1 row)


starting permutation: s2_dml_snapshot_begin s2_dml_snapshot_before s1_begin s1_delete s1_commit s2_dml_snapshot_still s2_dml_snapshot_commit s2_see_values
step s2_dml_snapshot_begin: 
    BEGIN ISOLATION LEVEL REPEATABLE READ;

step s2_dml_snapshot_before: 
    SELECT array_agg(id ORDER BY id) AS ids,
           array_agg(row_text ORDER BY id) AS rows
    FROM pax_mvcc_rows;

ids|rows                                                    
---+--------------------------------------------------------
{0}|{row0/r0/0/0/-/-/00000000-0000-0000-0000-000000000000/0}
(1 row)

step s1_begin: BEGIN;
step s1_delete: DELETE FROM pax_mvcc WHERE id = 10;
step s1_commit: COMMIT;
step s2_dml_snapshot_still: 
    SELECT array_agg(id ORDER BY id) AS ids,
           array_agg(row_text ORDER BY id) AS rows
    FROM pax_mvcc_rows;

ids|rows                                                    
---+--------------------------------------------------------
{0}|{row0/r0/0/0/-/-/00000000-0000-0000-0000-000000000000/0}
(1 row)

step s2_dml_snapshot_commit: COMMIT;
step s2_see_values: 
    SELECT array_agg(id ORDER BY id) AS ids,
           array_agg(row_text ORDER BY id) AS rows
    FROM pax_mvcc_rows;

ids|rows                                                    
---+--------------------------------------------------------
{0}|{row0/r0/0/0/-/-/00000000-0000-0000-0000-000000000000/0}
(1 row)


starting permutation: s2_dml_snapshot_begin s2_dml_snapshot_before s1_begin s1_update s1_commit s2_rr_lock_conflict s2_rr_rollback
step s2_dml_snapshot_begin: 
    BEGIN ISOLATION LEVEL REPEATABLE READ;

step s2_dml_snapshot_before: 
    SELECT array_agg(id ORDER BY id) AS ids,
           array_agg(row_text ORDER BY id) AS rows
    FROM pax_mvcc_rows;

ids|rows                                                    
---+--------------------------------------------------------
{0}|{row0/r0/0/0/-/-/00000000-0000-0000-0000-000000000000/0}
(1 row)

step s1_begin: BEGIN;
step s1_update: UPDATE pax_mvcc SET id = 10 WHERE id = 0;
step s1_commit: COMMIT;
step s2_rr_lock_conflict: 
    SELECT id, row_text FROM pax_mvcc_rows WHERE id = 0 FOR UPDATE;

ERROR:  could not serialize access due to concurrent update
step s2_rr_rollback: ROLLBACK;

starting permutation: s2_lock_begin s2_lock_row s1_begin s1_update s2_lock_commit s1_commit s2_see_values
step s2_lock_begin: BEGIN;
step s2_lock_row: 
    SELECT id, row_text FROM pax_mvcc_rows WHERE id = 0 FOR UPDATE;

id|row_text                                              
--+------------------------------------------------------
 0|row0/r0/0/0/-/-/00000000-0000-0000-0000-000000000000/0
(1 row)

step s1_begin: BEGIN;
step s1_update: UPDATE pax_mvcc SET id = 10 WHERE id = 0; <waiting ...>
step s2_lock_commit: COMMIT;
step s1_update: <... completed>
step s1_commit: COMMIT;
step s2_see_values: 
    SELECT array_agg(id ORDER BY id) AS ids,
           array_agg(row_text ORDER BY id) AS rows
    FROM pax_mvcc_rows;

ids |rows                                                    
----+--------------------------------------------------------
{10}|{row0/r0/0/0/-/-/00000000-0000-0000-0000-000000000000/0}
(1 row)


starting permutation: s2_sub_lock_begin s2_sub_lock_savepoint s2_sub_lock_row s2_sub_lock_rollback s1_begin s1_update s1_commit s2_sub_lock_commit s2_see_values
step s2_sub_lock_begin: BEGIN;
step s2_sub_lock_savepoint: SAVEPOINT pax_lock_sp;
step s2_sub_lock_row: 
    SELECT id, row_text FROM pax_mvcc_rows WHERE id = 0 FOR UPDATE;

id|row_text                                              
--+------------------------------------------------------
 0|row0/r0/0/0/-/-/00000000-0000-0000-0000-000000000000/0
(1 row)

step s2_sub_lock_rollback: ROLLBACK TO pax_lock_sp;
step s1_begin: BEGIN;
step s1_update: UPDATE pax_mvcc SET id = 10 WHERE id = 0;
step s1_commit: COMMIT;
step s2_sub_lock_commit: COMMIT;
step s2_see_values: 
    SELECT array_agg(id ORDER BY id) AS ids,
           array_agg(row_text ORDER BY id) AS rows
    FROM pax_mvcc_rows;

ids |rows                                                    
----+--------------------------------------------------------
{10}|{row0/r0/0/0/-/-/00000000-0000-0000-0000-000000000000/0}
(1 row)

